---
source: src/lib.rs
expression: parsed
---
Ok(
    Document {
        leading_comments: [],
        items: [
            Yaml(
                Hash(
                    [
                        Element(
                            HashElement {
                                key: "field",
                                value: AliasedYaml {
                                    alias: Some(
                                        "test",
                                    ),
                                    value: EmptyInlineHash,
                                },
                            },
                        ),
                        Element(
                            HashElement {
                                key: "item",
                                value: AliasedYaml {
                                    alias: None,
                                    value: EmptyInlineHash,
                                },
                            },
                        ),
                        Element(
                            HashElement {
                                key: "other",
                                value: AliasedYaml {
                                    alias: None,
                                    value: Hash(
                                        [
                                            Comment(
                                                " check",
                                            ),
                                            Element(
                                                HashElement {
                                                    key: "item",
                                                    value: AliasedYaml {
                                                        alias: None,
                                                        value: EmptyInlineHash,
                                                    },
                                                },
                                            ),
                                        ],
                                    ),
                                },
                            },
                        ),
                    ],
                ),
            ),
        ],
    },
)
