---
source: src/lib.rs
expression: parsed
---
Ok(
    Document {
        leading_comments: [],
        items: [
            Yaml(
                Hash(
                    [
                        Element(
                            HashElement {
                                key: "inline_array",
                                value: AliasedYaml {
                                    alias: None,
                                    value: InlineArray(
                                        [
                                            UnquotedString(
                                                "test",
                                            ),
                                            UnquotedString(
                                                "5",
                                            ),
                                            UnquotedString(
                                                "hi",
                                            ),
                                        ],
                                    ),
                                },
                            },
                        ),
                        Element(
                            HashElement {
                                key: "s",
                                value: AliasedYaml {
                                    alias: Some(
                                        "key",
                                    ),
                                    value: UnquotedString(
                                        "test, 5, hi",
                                    ),
                                },
                            },
                        ),
                    ],
                ),
            ),
        ],
    },
)
