---
source: src/lib.rs
expression: parsed
---
Ok(
    Document {
        items: [
            Comment(
                " test",
            ),
            Yaml(
                Hash(
                    [
                        Element(
                            HashElement {
                                key: "k",
                                value: AliasedYaml {
                                    alias: Some(
                                        "anch",
                                    ),
                                    value: String(
                                        "test",
                                    ),
                                },
                            },
                        ),
                        Comment(
                            " hi",
                        ),
                        Element(
                            HashElement {
                                key: "v",
                                value: AliasedYaml {
                                    alias: Some(
                                        "ok",
                                    ),
                                    value: Array(
                                        [
                                            Element(
                                                AliasedYaml {
                                                    alias: Some(
                                                        "ok2",
                                                    ),
                                                    value: String(
                                                        "test",
                                                    ),
                                                },
                                            ),
                                            Comment(
                                                " comment",
                                            ),
                                            Element(
                                                AliasedYaml {
                                                    alias: None,
                                                    value: Anchor(
                                                        "test",
                                                    ),
                                                },
                                            ),
                                            InlineComment(
                                                " an anchor",
                                            ),
                                        ],
                                    ),
                                },
                            },
                        ),
                        Element(
                            HashElement {
                                key: "v",
                                value: AliasedYaml {
                                    alias: None,
                                    value: String(
                                        "test ",
                                    ),
                                },
                            },
                        ),
                        InlineComment(
                            " maybe",
                        ),
                        Element(
                            HashElement {
                                key: "k",
                                value: AliasedYaml {
                                    alias: Some(
                                        "kk",
                                    ),
                                    value: Array(
                                        [
                                            Element(
                                                AliasedYaml {
                                                    alias: None,
                                                    value: String(
                                                        "5",
                                                    ),
                                                },
                                            ),
                                            Element(
                                                AliasedYaml {
                                                    alias: None,
                                                    value: String(
                                                        "10",
                                                    ),
                                                },
                                            ),
                                            Element(
                                                AliasedYaml {
                                                    alias: None,
                                                    value: String(
                                                        "e",
                                                    ),
                                                },
                                            ),
                                        ],
                                    ),
                                },
                            },
                        ),
                        Comment(
                            " after",
                        ),
                        Element(
                            HashElement {
                                key: "y",
                                value: AliasedYaml {
                                    alias: None,
                                    value: Array(
                                        [
                                            Element(
                                                AliasedYaml {
                                                    alias: None,
                                                    value: Hash(
                                                        [
                                                            Element(
                                                                HashElement {
                                                                    key: "x",
                                                                    value: AliasedYaml {
                                                                        alias: None,
                                                                        value: String(
                                                                            "5",
                                                                        ),
                                                                    },
                                                                },
                                                            ),
                                                            Element(
                                                                HashElement {
                                                                    key: "z",
                                                                    value: AliasedYaml {
                                                                        alias: Some(
                                                                            "zfield",
                                                                        ),
                                                                        value: String(
                                                                            "6 ",
                                                                        ),
                                                                    },
                                                                },
                                                            ),
                                                            InlineComment(
                                                                " yess",
                                                            ),
                                                        ],
                                                    ),
                                                },
                                            ),
                                            Element(
                                                AliasedYaml {
                                                    alias: None,
                                                    value: Hash(
                                                        [
                                                            Element(
                                                                HashElement {
                                                                    key: "n",
                                                                    value: AliasedYaml {
                                                                        alias: None,
                                                                        value: String(
                                                                            "8",
                                                                        ),
                                                                    },
                                                                },
                                                            ),
                                                        ],
                                                    ),
                                                },
                                            ),
                                            Element(
                                                AliasedYaml {
                                                    alias: None,
                                                    value: String(
                                                        "j",
                                                    ),
                                                },
                                            ),
                                        ],
                                    ),
                                },
                            },
                        ),
                        Comment(
                            " between",
                        ),
                        Element(
                            HashElement {
                                key: "z",
                                value: AliasedYaml {
                                    alias: None,
                                    value: Array(
                                        [
                                            Element(
                                                AliasedYaml {
                                                    alias: None,
                                                    value: Anchor(
                                                        "kk",
                                                    ),
                                                },
                                            ),
                                            Element(
                                                AliasedYaml {
                                                    alias: None,
                                                    value: String(
                                                        "ke",
                                                    ),
                                                },
                                            ),
                                        ],
                                    ),
                                },
                            },
                        ),
                        Element(
                            HashElement {
                                key: "k",
                                value: AliasedYaml {
                                    alias: None,
                                    value: Array(
                                        [
                                            Element(
                                                AliasedYaml {
                                                    alias: None,
                                                    value: Array(
                                                        [
                                                            Element(
                                                                AliasedYaml {
                                                                    alias: None,
                                                                    value: String(
                                                                        "j",
                                                                    ),
                                                                },
                                                            ),
                                                            Element(
                                                                AliasedYaml {
                                                                    alias: None,
                                                                    value: String(
                                                                        "k",
                                                                    ),
                                                                },
                                                            ),
                                                            Element(
                                                                AliasedYaml {
                                                                    alias: None,
                                                                    value: String(
                                                                        "l",
                                                                    ),
                                                                },
                                                            ),
                                                        ],
                                                    ),
                                                },
                                            ),
                                            Element(
                                                AliasedYaml {
                                                    alias: None,
                                                    value: Array(
                                                        [
                                                            Element(
                                                                AliasedYaml {
                                                                    alias: None,
                                                                    value: String(
                                                                        "m",
                                                                    ),
                                                                },
                                                            ),
                                                            Element(
                                                                AliasedYaml {
                                                                    alias: None,
                                                                    value: Hash(
                                                                        [
                                                                            Element(
                                                                                HashElement {
                                                                                    key: "z",
                                                                                    value: AliasedYaml {
                                                                                        alias: None,
                                                                                        value: String(
                                                                                            "k",
                                                                                        ),
                                                                                    },
                                                                                },
                                                                            ),
                                                                            Element(
                                                                                HashElement {
                                                                                    key: "t",
                                                                                    value: AliasedYaml {
                                                                                        alias: None,
                                                                                        value: Array(
                                                                                            [
                                                                                                Element(
                                                                                                    AliasedYaml {
                                                                                                        alias: None,
                                                                                                        value: Hash(
                                                                                                            [
                                                                                                                Element(
                                                                                                                    HashElement {
                                                                                                                        key: "m",
                                                                                                                        value: AliasedYaml {
                                                                                                                            alias: None,
                                                                                                                            value: String(
                                                                                                                                "l ",
                                                                                                                            ),
                                                                                                                        },
                                                                                                                    },
                                                                                                                ),
                                                                                                                InlineComment(
                                                                                                                    " comment",
                                                                                                                ),
                                                                                                                Element(
                                                                                                                    HashElement {
                                                                                                                        key: "p",
                                                                                                                        value: AliasedYaml {
                                                                                                                            alias: None,
                                                                                                                            value: String(
                                                                                                                                "4 ",
                                                                                                                            ),
                                                                                                                        },
                                                                                                                    },
                                                                                                                ),
                                                                                                                InlineComment(
                                                                                                                    " comment",
                                                                                                                ),
                                                                                                            ],
                                                                                                        ),
                                                                                                    },
                                                                                                ),
                                                                                                Element(
                                                                                                    AliasedYaml {
                                                                                                        alias: None,
                                                                                                        value: String(
                                                                                                            "m ",
                                                                                                        ),
                                                                                                    },
                                                                                                ),
                                                                                                InlineComment(
                                                                                                    " after m",
                                                                                                ),
                                                                                            ],
                                                                                        ),
                                                                                    },
                                                                                },
                                                                            ),
                                                                        ],
                                                                    ),
                                                                },
                                                            ),
                                                        ],
                                                    ),
                                                },
                                            ),
                                        ],
                                    ),
                                },
                            },
                        ),
                    ],
                ),
            ),
            Comment(
                " wow",
            ),
            Comment(
                " something else",
            ),
        ],
    },
)
