---
source: src/lib.rs
expression: parsed
---
Ok(
    Document {
        items: [
            Comment(
                " test",
            ),
            Yaml(
                Hash(
                    [
                        Element(
                            HashElement {
                                key: "k",
                                value: AliasedYaml {
                                    alias: Some(
                                        "anch",
                                    ),
                                    value: UnquotedString(
                                        "test",
                                    ),
                                },
                            },
                        ),
                        Comment(
                            " hi",
                        ),
                        Element(
                            HashElement {
                                key: "v",
                                value: AliasedYaml {
                                    alias: Some(
                                        "ok",
                                    ),
                                    value: Array(
                                        [
                                            Element(
                                                AliasedYaml {
                                                    alias: Some(
                                                        "ok2",
                                                    ),
                                                    value: UnquotedString(
                                                        "test",
                                                    ),
                                                },
                                            ),
                                            Comment(
                                                " comment",
                                            ),
                                            Element(
                                                AliasedYaml {
                                                    alias: None,
                                                    value: Anchor(
                                                        "test",
                                                    ),
                                                },
                                            ),
                                        ],
                                    ),
                                },
                            },
                        ),
                        Element(
                            HashElement {
                                key: "v",
                                value: AliasedYaml {
                                    alias: None,
                                    value: UnquotedString(
                                        "test ",
                                    ),
                                },
                            },
                        ),
                        InlineComment(
                            " maybe",
                        ),
                        Element(
                            HashElement {
                                key: "k",
                                value: AliasedYaml {
                                    alias: None,
                                    value: Array(
                                        [
                                            Element(
                                                AliasedYaml {
                                                    alias: None,
                                                    value: UnquotedString(
                                                        "5",
                                                    ),
                                                },
                                            ),
                                            Element(
                                                AliasedYaml {
                                                    alias: None,
                                                    value: UnquotedString(
                                                        "10",
                                                    ),
                                                },
                                            ),
                                            Element(
                                                AliasedYaml {
                                                    alias: None,
                                                    value: QuotedString(
                                                        "e",
                                                    ),
                                                },
                                            ),
                                        ],
                                    ),
                                },
                            },
                        ),
                    ],
                ),
            ),
            Comment(
                " after",
            ),
        ],
    },
)
